**********************************************************************
** Visual Studio 2022 Developer Command Prompt v17.14.19
** Copyright (c) 2025 Microsoft Corporation
**********************************************************************
[vcvarsall.bat] Environment initialized for: 'x64'
build.bat : The process cannot access the file because it is being used by another process.
At line:1 char:1
+ build.bat 2>&1 | tee build_output.txt
+ ~~~~~~~~~~~~~~
    + CategoryInfo          : NotSpecified: (The process can...nother process.:String) [], RemoteException
    + FullyQualifiedErrorId : NativeCommandError
 
A subdirectory or file C:\Users\TheunisvanNiekerk\Code\agent\build already exists.
main.cpp
src\main.cpp(1084): warning C4996: 'gmtime': This function or variable may be unsafe. Consider using gmtime_s instead. To disable deprecation, use _CRT_SECURE_NO_WARNINGS. See online help for details.
util.cpp
storage.cpp
openai_client.cpp
prompt_dialog.cpp
project_setup_dialog.cpp
project_settings_dialog.cpp
provider_manager.cpp
mcp_manager.cpp
mcp_server_manager.cpp
rag_service.cpp
src\rag_service.cpp(5518): warning C4996: 'gmtime': This function or variable may be unsafe. Consider using gmtime_s instead. To disable deprecation, use _CRT_SECURE_NO_WARNINGS. See online help for details.
src\rag_service.cpp(5555): warning C4996: 'gmtime': This function or variable may be unsafe. Consider using gmtime_s instead. To disable deprecation, use _CRT_SECURE_NO_WARNINGS. See online help for details.
rag_service_manager.cpp
context_compression.cpp
context_compression_manager.cpp
Generating Code...
Compiling...
sqlite3.c
Generating Code...
Build succeeded: "C:\Users\TheunisvanNiekerk\Code\agent\build\agent.exe"
